../Core/Src/main.c:93:6:Keypad_Scan	72	static
../Core/Src/main.c:127:7:iir_filter	24	static
../Core/Src/main.c:137:6:HAL_TIM_PeriodElapsedCallback	24	static
../Core/Src/main.c:174:5:main	16	static
../Core/Src/main.c:234:6:SystemClock_Config	160	static
../Core/Src/main.c:279:13:MX_DAC1_Init	24	static
../Core/Src/main.c:319:13:MX_TIM2_Init	40	static
../Core/Src/main.c:364:13:MX_TIM6_Init	24	static
../Core/Src/main.c:402:13:MX_USART2_UART_Init	8	static
../Core/Src/main.c:437:13:MX_GPIO_Init	40	static
../Core/Src/main.c:483:6:Error_Handler	4	static,ignoring_inline_asm
