../Core/Src/main.c:84:6:Keypad_Scan	72	static
../Core/Src/main.c:118:7:iir_filter	24	static
../Core/Src/main.c:128:6:HAL_TIM_PeriodElapsedCallback	24	static
../Core/Src/main.c:158:5:main	16	static
../Core/Src/main.c:213:6:SystemClock_Config	160	static
../Core/Src/main.c:258:13:MX_DAC1_Init	24	static
../Core/Src/main.c:298:13:MX_TIM2_Init	40	static
../Core/Src/main.c:343:13:MX_USART2_UART_Init	8	static
../Core/Src/main.c:378:13:MX_GPIO_Init	40	static
../Core/Src/main.c:424:6:Error_Handler	4	static,ignoring_inline_asm
